// Jest Snapshot v1, https://goo.gl/fbAQLP

exports[`Page CourseMemo renders a side menu and a page structure 1`] = `
<DocumentFragment>
  <section
    class="cover-page d-none d-print-block"
  >
    <h1>
      TEST121  7.5 credits
    </h1>
    <p
      class="memo-subtitle"
    >
      Kurs-PM VT 2018-1
    </p>
    <p>
      Version 2 – null
    </p>
    <h2>
      Kursomgång
    </h2>
    <p>
      <span>
        <br />
      </span>
    </p>
    <h2>
      Undervisningsspråk
    </h2>
    <p />
    <h2>
      Kursen ges av
    </h2>
    <p />
    <ul
      class="link-list cover-page-links"
    >
      <li>
        * Information hämtas från N/A
      </li>
      <li>
        Utskrift från sidan: 
        <a
          href="http://localhost/"
        >
          http://localhost/
        </a>
      </li>
    </ul>
  </section>
  <div
    class="p-print-4  row"
  >
    <nav
      aria-labelledby="kth-local-navigation-title--mobile"
      class="kth-local-navigation--mobile"
    >
      <button
        class="kth-button menu"
        id="kth-local-navigation-title--mobile"
      >
        <span>
          About course TEST121
        </span>
      </button>
      <dialog
        class="kth-mobile-menu left"
      >
        <div
          class="kth-mobile-menu__navigation"
        >
          <button
            class="kth-icon-button close"
          >
            <span
              class="kth-visually-hidden"
            >
              Close
            </span>
          </button>
        </div>
        <div
          class="mobile-menu__content"
        >
          <a
            class="kth-button back"
          >
            Course and programme directory
          </a>
          <h2>
            About course TEST121
          </h2>
          <ul>
            <li>
              <a
                href="/student/kurser/kurs/TEST121"
              >
                 Before course selection
              </a>
            </li>
            <li
              class="kth-local-navigation__submenu"
            >
              <h3>
                Prepare and take course
              </h3>
              <ul>
                <li>
                  <a
                    href="/kurs-pm/TEST121/om-kurs-pm"
                  >
                    Course memo
                  </a>
                </li>
                <li>
                  <a
                    href="/kurs-pm/TEST121/181"
                  >
                    Course memo Spring 2018-1
                  </a>
                </li>
                <li>
                  <a
                    href="/kurs-pm/TEST121/1823"
                  >
                    Course memo Spring 2018-2...
                  </a>
                </li>
                <li>
                  <a
                    href="/kurs-pm/TEST121/184"
                  >
                    Course memo Spring 2018-4
                  </a>
                </li>
                <li>
                  <a
                    href="/kurs-pm/TEST121/1924"
                  >
                    Course memo Spring 2019-2...
                  </a>
                </li>
                <li>
                  <a
                    href="/kurs-pm/TEST121/193"
                  >
                    Course memo Spring 2019-3
                  </a>
                </li>
                <li>
                  <a
                    href="/kurs-pm/TEST121/190"
                  >
                    Course memo Autumn 2019-
                  </a>
                </li>
              </ul>
            </li>
            <li>
              <a
                href="/kursutveckling/TEST121"
              >
                Course development
              </a>
            </li>
            <li>
              <a
                href="/kursutveckling/TEST121/arkiv"
              >
                Archive
              </a>
            </li>
          </ul>
        </div>
      </dialog>
    </nav>
    <nav
      aria-labelledby="local-navigation-title"
      class="kth-local-navigation col"
      id="mainMenu"
    >
      <a
        class="kth-button back"
      >
        Course and programme directory
      </a>
      <h2
        id="local-navigation-title"
      >
        About course TEST121
      </h2>
      <ul>
        <li>
          <a
            href="/student/kurser/kurs/TEST121"
          >
             Before course selection
          </a>
        </li>
        <li
          class="kth-local-navigation__submenu"
        >
          <h3>
            Prepare and take course
          </h3>
          <ul>
            <li>
              <a
                href="/kurs-pm/TEST121/om-kurs-pm"
              >
                Course memo
              </a>
            </li>
            <li>
              <a
                href="/kurs-pm/TEST121/181"
              >
                Course memo Spring 2018-1
              </a>
            </li>
            <li>
              <a
                href="/kurs-pm/TEST121/1823"
              >
                Course memo Spring 2018-2...
              </a>
            </li>
            <li>
              <a
                href="/kurs-pm/TEST121/184"
              >
                Course memo Spring 2018-4
              </a>
            </li>
            <li>
              <a
                href="/kurs-pm/TEST121/1924"
              >
                Course memo Spring 2019-2...
              </a>
            </li>
            <li>
              <a
                href="/kurs-pm/TEST121/193"
              >
                Course memo Spring 2019-3
              </a>
            </li>
            <li>
              <a
                href="/kurs-pm/TEST121/190"
              >
                Course memo Autumn 2019-
              </a>
            </li>
          </ul>
        </li>
        <li>
          <a
            href="/kursutveckling/TEST121"
          >
            Course development
          </a>
        </li>
        <li>
          <a
            href="/kursutveckling/TEST121/arkiv"
          >
            Archive
          </a>
        </li>
      </ul>
    </nav>
    <main
      class="col col-print-12"
      id="mainContent"
    >
      <header>
        <h1
          aria-labelledby="page-heading page-sub-heading"
          id="page-heading"
        >
          Kurs-PM VT 2018
        </h1>
        <div
          id="page-sub-heading-wrapper"
        >
          <p
            aria-hidden="true"
            id="page-sub-heading"
          >
            TEST121  7.5 credits
          </p>
          <p
            class="d-print-none d-none d-sm-block"
            id="page-sub-heading-admin-link"
          >
            <a
              href="/kursinfoadmin/kurser/kurs/TEST121?l=undefined"
              title="Administer About course"
            >
              Administer About course
            </a>
          </p>
        </div>
      </header>
      <div
        class="row"
      >
        <div
          class="text-break col-print-12 content-center col-lg-8"
          id="flexible-content-of-center"
        >
          <p
            class="mb-4"
          >
            Rubriker markerade med en asterisk ( * ) kommer från kursplan version VT 2018
          </p>
          <section
            aria-labelledby="contentAndOutcomes"
            class="section-wrapper"
          >
            <h2
              id="contentAndOutcomes"
            >
              Innehåll och lärandemål
            </h2>
            <article
              aria-labelledby="courseContent"
              id="contentAndOutcomes-courseContent"
            >
              <h3
                id="courseContent"
              >
                Kursinnehåll
                <sup>
                  <svg
                    class="syllabus-marker-icon"
                    fill="currentColor"
                    height="1em"
                    stroke="currentColor"
                    stroke-width="0"
                    viewBox="0 0 512 512"
                    width="1em"
                    xmlns="http://www.w3.org/2000/svg"
                  >
                    <path
                      d="M478.21 334.093L336 256l142.21-78.093c11.795-6.477 15.961-21.384 9.232-33.037l-19.48-33.741c-6.728-11.653-21.72-15.499-33.227-8.523L296 186.718l3.475-162.204C299.763 11.061 288.937 0 275.48 0h-38.96c-13.456 0-24.283 11.061-23.994 24.514L216 186.718 77.265 102.607c-11.506-6.976-26.499-3.13-33.227 8.523l-19.48 33.741c-6.728 11.653-2.562 26.56 9.233 33.037L176 256 33.79 334.093c-11.795 6.477-15.961 21.384-9.232 33.037l19.48 33.741c6.728 11.653 21.721 15.499 33.227 8.523L216 325.282l-3.475 162.204C212.237 500.939 223.064 512 236.52 512h38.961c13.456 0 24.283-11.061 23.995-24.514L296 325.282l138.735 84.111c11.506 6.976 26.499 3.13 33.227-8.523l19.48-33.741c6.728-11.653 2.563-26.559-9.232-33.036z"
                    />
                  </svg>
                </sup>
              </h3>
              <span>
                Ingen information tillagd
              </span>
            </article>
            <article
              aria-labelledby="learningOutcomes"
              id="contentAndOutcomes-learningOutcomes"
            >
              <h3
                id="learningOutcomes"
              >
                Lärandemål
                <sup>
                  <svg
                    class="syllabus-marker-icon"
                    fill="currentColor"
                    height="1em"
                    stroke="currentColor"
                    stroke-width="0"
                    viewBox="0 0 512 512"
                    width="1em"
                    xmlns="http://www.w3.org/2000/svg"
                  >
                    <path
                      d="M478.21 334.093L336 256l142.21-78.093c11.795-6.477 15.961-21.384 9.232-33.037l-19.48-33.741c-6.728-11.653-21.72-15.499-33.227-8.523L296 186.718l3.475-162.204C299.763 11.061 288.937 0 275.48 0h-38.96c-13.456 0-24.283 11.061-23.994 24.514L216 186.718 77.265 102.607c-11.506-6.976-26.499-3.13-33.227 8.523l-19.48 33.741c-6.728 11.653-2.562 26.56 9.233 33.037L176 256 33.79 334.093c-11.795 6.477-15.961 21.384-9.232 33.037l19.48 33.741c6.728 11.653 21.721 15.499 33.227 8.523L216 325.282l-3.475 162.204C212.237 500.939 223.064 512 236.52 512h38.961c13.456 0 24.283-11.061 23.995-24.514L296 325.282l138.735 84.111c11.506 6.976 26.499 3.13 33.227-8.523l19.48-33.741c6.728-11.653 2.563-26.559-9.232-33.036z"
                    />
                  </svg>
                </sup>
              </h3>
              <span>
                Ingen information tillagd
              </span>
            </article>
          </section>
          <section
            aria-labelledby="prep"
            class="section-wrapper"
          >
            <h2
              id="prep"
            >
              Förberedelser inför kursstart
            </h2>
            <article
              aria-labelledby="literature"
              id="prep-literature"
            >
              <h3
                id="literature"
              >
                Kurslitteratur
              </h3>
              <span>
                Ingen information tillagd
              </span>
            </article>
            <article
              aria-labelledby="permanentDisability"
              id="prep-permanentDisability"
            >
              <h3
                id="permanentDisability"
              >
                Stöd för studenter med funktionsnedsättning
              </h3>
              <span>
                Ingen information tillagd
              </span>
            </article>
          </section>
          <section
            aria-labelledby="reqToFinal"
            class="section-wrapper"
          >
            <h2
              id="reqToFinal"
            >
              Examination och slutförande
            </h2>
            <article
              aria-labelledby="gradingScale"
              id="reqToFinal-gradingScale"
            >
              <h3
                id="gradingScale"
              >
                Betygsskala
                <sup>
                  <svg
                    class="syllabus-marker-icon"
                    fill="currentColor"
                    height="1em"
                    stroke="currentColor"
                    stroke-width="0"
                    viewBox="0 0 512 512"
                    width="1em"
                    xmlns="http://www.w3.org/2000/svg"
                  >
                    <path
                      d="M478.21 334.093L336 256l142.21-78.093c11.795-6.477 15.961-21.384 9.232-33.037l-19.48-33.741c-6.728-11.653-21.72-15.499-33.227-8.523L296 186.718l3.475-162.204C299.763 11.061 288.937 0 275.48 0h-38.96c-13.456 0-24.283 11.061-23.994 24.514L216 186.718 77.265 102.607c-11.506-6.976-26.499-3.13-33.227 8.523l-19.48 33.741c-6.728 11.653-2.562 26.56 9.233 33.037L176 256 33.79 334.093c-11.795 6.477-15.961 21.384-9.232 33.037l19.48 33.741c6.728 11.653 21.721 15.499 33.227 8.523L216 325.282l-3.475 162.204C212.237 500.939 223.064 512 236.52 512h38.961c13.456 0 24.283-11.061 23.995-24.514L296 325.282l138.735 84.111c11.506 6.976 26.499 3.13 33.227-8.523l19.48-33.741c6.728-11.653 2.563-26.559-9.232-33.036z"
                    />
                  </svg>
                </sup>
              </h3>
              <span>
                Ingen information tillagd
              </span>
            </article>
            <article
              aria-labelledby="examination"
              id="reqToFinal-examination"
            >
              <h3
                id="examination"
              >
                Examination
                <sup>
                  <svg
                    class="syllabus-marker-icon"
                    fill="currentColor"
                    height="1em"
                    stroke="currentColor"
                    stroke-width="0"
                    viewBox="0 0 512 512"
                    width="1em"
                    xmlns="http://www.w3.org/2000/svg"
                  >
                    <path
                      d="M478.21 334.093L336 256l142.21-78.093c11.795-6.477 15.961-21.384 9.232-33.037l-19.48-33.741c-6.728-11.653-21.72-15.499-33.227-8.523L296 186.718l3.475-162.204C299.763 11.061 288.937 0 275.48 0h-38.96c-13.456 0-24.283 11.061-23.994 24.514L216 186.718 77.265 102.607c-11.506-6.976-26.499-3.13-33.227 8.523l-19.48 33.741c-6.728 11.653-2.562 26.56 9.233 33.037L176 256 33.79 334.093c-11.795 6.477-15.961 21.384-9.232 33.037l19.48 33.741c6.728 11.653 21.721 15.499 33.227 8.523L216 325.282l-3.475 162.204C212.237 500.939 223.064 512 236.52 512h38.961c13.456 0 24.283-11.061 23.995-24.514L296 325.282l138.735 84.111c11.506 6.976 26.499 3.13 33.227-8.523l19.48-33.741c6.728-11.653 2.563-26.559-9.232-33.036z"
                    />
                  </svg>
                </sup>
              </h3>
              <span>
                Ingen information tillagd
              </span>
            </article>
            <article
              aria-labelledby="ethicalApproach"
              id="reqToFinal-ethicalApproach"
            >
              <h3
                id="ethicalApproach"
              >
                Etiskt förhållningssätt
                <sup>
                  <svg
                    class="syllabus-marker-icon"
                    fill="currentColor"
                    height="1em"
                    stroke="currentColor"
                    stroke-width="0"
                    viewBox="0 0 512 512"
                    width="1em"
                    xmlns="http://www.w3.org/2000/svg"
                  >
                    <path
                      d="M478.21 334.093L336 256l142.21-78.093c11.795-6.477 15.961-21.384 9.232-33.037l-19.48-33.741c-6.728-11.653-21.72-15.499-33.227-8.523L296 186.718l3.475-162.204C299.763 11.061 288.937 0 275.48 0h-38.96c-13.456 0-24.283 11.061-23.994 24.514L216 186.718 77.265 102.607c-11.506-6.976-26.499-3.13-33.227 8.523l-19.48 33.741c-6.728 11.653-2.562 26.56 9.233 33.037L176 256 33.79 334.093c-11.795 6.477-15.961 21.384-9.232 33.037l19.48 33.741c6.728 11.653 21.721 15.499 33.227 8.523L216 325.282l-3.475 162.204C212.237 500.939 223.064 512 236.52 512h38.961c13.456 0 24.283-11.061 23.995-24.514L296 325.282l138.735 84.111c11.506 6.976 26.499 3.13 33.227-8.523l19.48-33.741c6.728-11.653 2.563-26.559-9.232-33.036z"
                    />
                  </svg>
                </sup>
              </h3>
              <span>
                Ingen information tillagd
              </span>
            </article>
          </section>
          <section
            aria-labelledby="extra"
            class="section-wrapper"
          >
            <h2
              id="extra"
            >
              Ytterligare Information
            </h2>
            <p>
              <i>
                Ingen information tillagd
              </i>
            </p>
          </section>
          <section
            aria-labelledby="print-memo-contacts"
            class="d-none d-print-block print-contacts"
          >
            <h2
              class="info"
              id="print-memo-contacts"
            >
              Kontakter
            </h2>
            <div
              class="text-break"
            >
              <h3>
                Kursansvarig
              </h3>
              <p />
              <h3>
                Lärare
              </h3>
              <p />
              <h3>
                Examinator
              </h3>
              <p />
            </div>
          </section>
        </div>
        <div
          class="d-print-none content-right col-lg-4"
        >
          <section
            aria-labelledby="memo-facts"
          >
            <h2
              class="d-none"
              id="memo-facts"
            >
              Fakta om kursomgång
            </h2>
            <div
              class="info-box text-break"
            >
              <h3>
                Startdatum
              </h3>
              <p>
                Obligatoriskt innehåll saknas
              </p>
              <h3>
                Kursomgång
              </h3>
              <p>
                Obligatoriskt innehåll saknas
              </p>
              <h3>
                Undervisningsspråk
              </h3>
              <p>
                Obligatoriskt innehåll saknas
              </p>
              <h3>
                Kursen ges av
              </h3>
              <p>
                Obligatoriskt innehåll saknas
              </p>
            </div>
          </section>
          <aside
            aria-labelledby="memo-documents"
          >
            <h2
              class="d-none"
              id="memo-documents"
            >
              Dokument
            </h2>
            <div
              class="info-box text-break"
            >
              <h3>
                Version kurs-PM
              </h3>
              <p>
                Obligatoriskt innehåll saknas
              </p>
              <h3>
                Skriv ut eller spara
              </h3>
              <button
                class="print-link"
                color="link"
                id="print-link"
              >
                Skriv ut eller spara kurs-PM
              </button>
            </div>
          </aside>
          <aside
            aria-labelledby="student-links"
            class="info-box text-break"
          >
            <h2
              id="student-links"
            >
              Relaterad information
            </h2>
            <p>
              <a
                href="https://www.kth.se/student/studier/rattigheter-och-skyldigheter/rattigheter-och-skyldigheter-1.1148520"
                id="link-rightsAndResponsibilities"
                title="Rättigheter och skyldigheter"
              >
                Rättigheter och skyldigheter
              </a>
            </p>
            <p>
              <a
                href="https://www.kth.se/student/studier/kurs"
                id="link-courseAndExamination"
                title="Kurs och examination"
              >
                Kurs och examination
              </a>
            </p>
            <p>
              <a
                href="https://www.kth.se/student/studier/administrera/administrera-dina-studier-1.1143032"
                id="link-administrateYouStudy"
                title="Administrera dina studier"
              >
                Administrera dina studier
              </a>
            </p>
          </aside>
          <section
            aria-labelledby="memo-contacts"
            id="last-element-which-determines-styles"
          >
            <h2
              id="memo-contacts"
            >
              Kontakter
            </h2>
            <div
              class="info-box text-break"
            >
              <h3>
                Kursansvarig
              </h3>
              <p />
              <h3>
                Lärare
              </h3>
              <p />
              <h3>
                Examinator
              </h3>
              <p />
            </div>
          </section>
        </div>
      </div>
    </main>
  </div>
</DocumentFragment>
`;
